--------------------------------------------------------------------------
🕒 Log Time: 2025-08-11 11:24:52
✅ Authorized user attempting to update bank details
🔗 URL: https://staging.api.inpulse.education/t/eb9d49bb-bdb9-43c0-9741-febeeca7224a/admissions/student-registration/5d858032-7035-4e45-9f74-8af14128b4e5/bank-details
📤 Payload:
{
  "account_number": "22222222",
  "bank_id": "c517fe5a-fa8f-4eb8-8470-36fde7652f8d",
  "branch_id": "f0b699f9-80ee-479a-9776-2a7a4d8181c8",
  "id": "5d858032-7035-4e45-9f74-8af14128b4e5",
  "is_education_loan_applied": true,
  "loan_section": "Transport"
}
📡 Status Code: 200
📥 Response JSON:
{
  "status": "success",
  "message": "Successfully saved the student bank details.",
  "data": {
    "id": "5d858032-7035-4e45-9f74-8af14128b4e5",
    "created_at": "0001-01-01T00:00:00Z",
    "updated_at": "2025-08-11T11:24:52.412263754+05:30",
    "tenant_id": "eb9d49bb-bdb9-43c0-9741-febeeca7224a",
    "created_by": "1102782f-b306-4f9f-811f-5d3b43b71ee8",
    "bank_id": "c517fe5a-fa8f-4eb8-8470-36fde7652f8d",
    "branch_id": "f0b699f9-80ee-479a-9776-2a7a4d8181c8",
    "account_number": "22222222",
    "is_education_loan_applied": true,
    "loan_section": "Transport"
  },
  "error": null
}
--------------------------------------------------------------------------
🕒 Log Time: 2025-08-11 11:27:13
✅ Authorized user attempting to update bank details
🔗 URL: https://staging.api.inpulse.education/t/eb9d49bb-bdb9-43c0-9741-febeeca7224a/admissions/student-registration/5d858032-7035-4e45-9f74-8af14128b4e5/bank-details
📤 Payload:
{
  "account_number": "22222222",
  "bank_id": "c517fe5a-fa8f-4eb8-8470-36fde7652f8d",
  "branch_id": "f0b699f9-80ee-479a-9776-2a7a4d8181c8",
  "id": "5d858032-7035-4e45-9f74-8af14128b4e5",
  "is_education_loan_applied": true,
  "loan_section": "Transport"
}
📡 Status Code: 200
📥 Response JSON:
{
  "status": "success",
  "message": "Successfully saved the student bank details.",
  "data": {
    "id": "5d858032-7035-4e45-9f74-8af14128b4e5",
    "created_at": "0001-01-01T00:00:00Z",
    "updated_at": "2025-08-11T11:27:13.291370171+05:30",
    "tenant_id": "eb9d49bb-bdb9-43c0-9741-febeeca7224a",
    "created_by": "03ce0ad4-2875-4357-ad15-a218e80f61cb",
    "bank_id": "c517fe5a-fa8f-4eb8-8470-36fde7652f8d",
    "branch_id": "f0b699f9-80ee-479a-9776-2a7a4d8181c8",
    "account_number": "22222222",
    "is_education_loan_applied": true,
    "loan_section": "Transport"
  },
  "error": null
}
--------------------------------------------------------------------------
🕒 Log Time: 2025-08-11 11:27:51
✅ Authorized user attempting to update bank details
🔗 URL: https://staging.api.inpulse.education/t/eb9d49bb-bdb9-43c0-9741-febeeca7224a/admissions/student-registration/5d858032-7035-4e45-9f74-8af14128b4e5/bank-details
📤 Payload:
{
  "account_number": "555555",
  "bank_id": "c517fe5a-fa8f-4eb8-8470-36fde7652f8d",
  "branch_id": "f0b699f9-80ee-479a-9776-2a7a4d8181c8",
  "id": "5d858032-7035-4e45-9f74-8af14128b4e5",
  "is_education_loan_applied": true,
  "loan_section": "Transport"
}
📡 Status Code: 200
📥 Response JSON:
{
  "status": "success",
  "message": "Successfully saved the student bank details.",
  "data": {
    "id": "5d858032-7035-4e45-9f74-8af14128b4e5",
    "created_at": "0001-01-01T00:00:00Z",
    "updated_at": "2025-08-11T11:27:51.343341879+05:30",
    "tenant_id": "eb9d49bb-bdb9-43c0-9741-febeeca7224a",
    "created_by": "03ce0ad4-2875-4357-ad15-a218e80f61cb",
    "bank_id": "c517fe5a-fa8f-4eb8-8470-36fde7652f8d",
    "branch_id": "f0b699f9-80ee-479a-9776-2a7a4d8181c8",
    "account_number": "555555",
    "is_education_loan_applied": true,
    "loan_section": "Transport"
  },
  "error": null
}
--------------------------------------------------------------------------
🕒 Log Time: 2025-08-11 12:16:11
🔑 Testing with: ✅ Correct Token
🔗 URL: https://staging.api.inpulse.education/t/eb9d49bb-bdb9-43c0-9741-febeeca7224a/admissions/student-registration/5d858032-7035-4e45-9f74-8af14128b4e5/bank-details
📤 Payload:
{
  "account_number": "555555",
  "bank_id": "c517fe5a-fa8f-4eb8-8470-36fde7652f8d",
  "branch_id": "f0b699f9-80ee-479a-9776-2a7a4d8181c8",
  "id": "5d858032-7035-4e45-9f74-8af14128b4e5",
  "is_education_loan_applied": true,
  "loan_section": "Transport"
}
📡 Status Code: 200
📥 Response JSON:
{
  "status": "success",
  "message": "Successfully saved the student bank details.",
  "data": {
    "id": "5d858032-7035-4e45-9f74-8af14128b4e5",
    "created_at": "0001-01-01T00:00:00Z",
    "updated_at": "2025-08-11T12:16:11.241658034+05:30",
    "tenant_id": "eb9d49bb-bdb9-43c0-9741-febeeca7224a",
    "created_by": "1102782f-b306-4f9f-811f-5d3b43b71ee8",
    "bank_id": "c517fe5a-fa8f-4eb8-8470-36fde7652f8d",
    "branch_id": "f0b699f9-80ee-479a-9776-2a7a4d8181c8",
    "account_number": "555555",
    "is_education_loan_applied": true,
    "loan_section": "Transport"
  },
  "error": null
}
--------------------------------------------------------------------------
🕒 Log Time: 2025-08-11 12:16:11
🔑 Testing with: ❌ Different User Token
🔗 URL: https://staging.api.inpulse.education/t/eb9d49bb-bdb9-43c0-9741-febeeca7224a/admissions/student-registration/5d858032-7035-4e45-9f74-8af14128b4e5/bank-details
📤 Payload:
{
  "account_number": "555555",
  "bank_id": "c517fe5a-fa8f-4eb8-8470-36fde7652f8d",
  "branch_id": "f0b699f9-80ee-479a-9776-2a7a4d8181c8",
  "id": "5d858032-7035-4e45-9f74-8af14128b4e5",
  "is_education_loan_applied": true,
  "loan_section": "Transport"
}
📡 Status Code: 200
📥 Response JSON:
{
  "status": "success",
  "message": "Successfully saved the student bank details.",
  "data": {
    "id": "5d858032-7035-4e45-9f74-8af14128b4e5",
    "created_at": "0001-01-01T00:00:00Z",
    "updated_at": "2025-08-11T12:16:11.302342702+05:30",
    "tenant_id": "eb9d49bb-bdb9-43c0-9741-febeeca7224a",
    "created_by": "03ce0ad4-2875-4357-ad15-a218e80f61cb",
    "bank_id": "c517fe5a-fa8f-4eb8-8470-36fde7652f8d",
    "branch_id": "f0b699f9-80ee-479a-9776-2a7a4d8181c8",
    "account_number": "555555",
    "is_education_loan_applied": true,
    "loan_section": "Transport"
  },
  "error": null
}

--------------------------------------------------------------------------
🕒 Log Time: 2025-10-23 09:52:26
🔑 Testing with: ✅ Correct Token
🔗 URL: https://staging.api.inpulse.education/t/eb9d49bb-bdb9-43c0-9741-febeeca7224a/admissions/student-registration/5d858032-7035-4e45-9f74-8af14128b4e5/bank-details
📤 Payload:
{
  "account_number": "66666",
  "bank_id": "c517fe5a-fa8f-4eb8-8470-36fde7652f8d",
  "branch_id": "f0b699f9-80ee-479a-9776-2a7a4d8181c8",
  "id": "5d858032-7035-4e45-9f74-8af14128b4e5",
  "is_education_loan_applied": true,
  "loan_section": "Transport"
}
📡 Status Code: 401
📥 Response JSON:
{
  "status": "error",
  "message": "Unauthorized",
  "data": null,
  "error": "token is expired"
}
--------------------------------------------------------------------------
🕒 Log Time: 2025-10-23 09:52:26
🔑 Testing with: ❌ Different User Token
🔗 URL: https://staging.api.inpulse.education/t/eb9d49bb-bdb9-43c0-9741-febeeca7224a/admissions/student-registration/5d858032-7035-4e45-9f74-8af14128b4e5/bank-details
📤 Payload:
{
  "account_number": "66666",
  "bank_id": "c517fe5a-fa8f-4eb8-8470-36fde7652f8d",
  "branch_id": "f0b699f9-80ee-479a-9776-2a7a4d8181c8",
  "id": "5d858032-7035-4e45-9f74-8af14128b4e5",
  "is_education_loan_applied": true,
  "loan_section": "Transport"
}
📡 Status Code: 401
📥 Response JSON:
{
  "status": "error",
  "message": "Unauthorized",
  "data": null,
  "error": "token is expired"
}
--------------------------------------------------------------------------
🕒 Log Time: 2025-10-23 14:30:52
🔑 Testing with: ✅ Correct Token
🔗 URL: https://staging.api.inpulse.education/t/eb9d49bb-bdb9-43c0-9741-febeeca7224a/admissions/student-registration/5d858032-7035-4e45-9f74-8af14128b4e5/bank-details
📤 Payload:
{
  "account_number": "66666",
  "bank_id": "c517fe5a-fa8f-4eb8-8470-36fde7652f8d",
  "branch_id": "f0b699f9-80ee-479a-9776-2a7a4d8181c8",
  "id": "5d858032-7035-4e45-9f74-8af14128b4e5",
  "is_education_loan_applied": true,
  "loan_section": "Transport"
}
📡 Status Code: 200
📥 Response JSON:
{
  "status": "success",
  "message": "Successfully saved the student bank details.",
  "data": {
    "id": "5d858032-7035-4e45-9f74-8af14128b4e5",
    "created_at": "0001-01-01T00:00:00Z",
    "updated_at": "2025-10-23T14:30:53.012157713+05:30",
    "tenant_id": "eb9d49bb-bdb9-43c0-9741-febeeca7224a",
    "created_by": "1102782f-b306-4f9f-811f-5d3b43b71ee8",
    "bank_id": "c517fe5a-fa8f-4eb8-8470-36fde7652f8d",
    "branch_id": "f0b699f9-80ee-479a-9776-2a7a4d8181c8",
    "account_number": "66666",
    "is_education_loan_applied": true,
    "loan_section": "Transport"
  },
  "error": null
}
--------------------------------------------------------------------------
🕒 Log Time: 2025-10-23 14:30:53
🔑 Testing with: ❌ Different User Token
🔗 URL: https://staging.api.inpulse.education/t/eb9d49bb-bdb9-43c0-9741-febeeca7224a/admissions/student-registration/5d858032-7035-4e45-9f74-8af14128b4e5/bank-details
📤 Payload:
{
  "account_number": "66666",
  "bank_id": "c517fe5a-fa8f-4eb8-8470-36fde7652f8d",
  "branch_id": "f0b699f9-80ee-479a-9776-2a7a4d8181c8",
  "id": "5d858032-7035-4e45-9f74-8af14128b4e5",
  "is_education_loan_applied": true,
  "loan_section": "Transport"
}
📡 Status Code: 500
📥 Response JSON:
{
  "status": "error",
  "message": "Something went wrong while saving student bank details",
  "data": null,
  "error": "ERROR: new row violates row-level security policy for table \"student_bank_details\" (SQLSTATE 42501)"
}
--------------------------------------------------------------------------
🕒 Log Time: 2025-10-23 16:42:02
🔑 Testing with: ✅ Correct Token
🔗 URL: https://staging.api.inpulse.education/t/eb9d49bb-bdb9-43c0-9741-febeeca7224a/admissions/student-registration/5d858032-7035-4e45-9f74-8af14128b4e5/bank-details
📤 Payload:
{
  "account_number": "77777",
  "bank_id": "c517fe5a-fa8f-4eb8-8470-36fde7652f8d",
  "branch_id": "f0b699f9-80ee-479a-9776-2a7a4d8181c8",
  "id": "5d858032-7035-4e45-9f74-8af14128b4e5",
  "is_education_loan_applied": true,
  "loan_section": "Transport"
}
📡 Status Code: 200
📥 Response JSON:
{
  "status": "success",
  "message": "Successfully saved the student bank details.",
  "data": {
    "id": "5d858032-7035-4e45-9f74-8af14128b4e5",
    "created_at": "0001-01-01T00:00:00Z",
    "updated_at": "2025-10-23T16:42:02.986038457+05:30",
    "tenant_id": "eb9d49bb-bdb9-43c0-9741-febeeca7224a",
    "created_by": "1102782f-b306-4f9f-811f-5d3b43b71ee8",
    "bank_id": "c517fe5a-fa8f-4eb8-8470-36fde7652f8d",
    "branch_id": "f0b699f9-80ee-479a-9776-2a7a4d8181c8",
    "account_number": "77777",
    "is_education_loan_applied": true,
    "loan_section": "Transport"
  },
  "error": null
}
--------------------------------------------------------------------------
🕒 Log Time: 2025-10-23 16:42:03
🔑 Testing with: ❌ Different User Token
🔗 URL: https://staging.api.inpulse.education/t/eb9d49bb-bdb9-43c0-9741-febeeca7224a/admissions/student-registration/5d858032-7035-4e45-9f74-8af14128b4e5/bank-details
📤 Payload:
{
  "account_number": "77777",
  "bank_id": "c517fe5a-fa8f-4eb8-8470-36fde7652f8d",
  "branch_id": "f0b699f9-80ee-479a-9776-2a7a4d8181c8",
  "id": "5d858032-7035-4e45-9f74-8af14128b4e5",
  "is_education_loan_applied": true,
  "loan_section": "Transport"
}
📡 Status Code: 500
📥 Response JSON:
{
  "status": "error",
  "message": "Something went wrong while saving student bank details",
  "data": null,
  "error": "ERROR: new row violates row-level security policy for table \"student_bank_details\" (SQLSTATE 42501)"
}
