--------------------------------------------------------------------------
🕒 Log Time: 2025-08-05 16:33:46
✅ Authorized user attempting to update student qualification details
🔗 URL: https://staging.api.inpulse.education/t/eb9d49bb-bdb9-43c0-9741-febeeca7224a/admissions/student-registration/5d858032-7035-4e45-9f74-8af14128b4e5/qualification-details
📤 Payload:
[
  {
    "id": "cece6a50-44a0-4a38-9c71-ad84a748840c",
    "student_id": "5d858032-7035-4e45-9f74-8af14128b4e5",
    "educational_level": "PUC",
    "educational_medium_id": "37957387-95dc-4416-bdf0-0bb9b5084da1",
    "examination_board_id": "0ac9690e-f05d-461b-9e88-a806230cec66",
    "exam_state_id": "42c42d82-1a6a-4c30-bca3-d136abd592b2",
    "institute_id": "9ec42e45-7385-4d90-b4c9-c47a18ba7156",
    "registration_number": "1111111",
    "passing_month": "January",
    "passing_year": 2025,
    "obtained_marks": 99,
    "biology": 99,
    "biology_total_marks": 100,
    "chemistry": 80,
    "chemistry_total_marks": 100,
    "physics": 99,
    "physics_total_marks": 100,
    "mathematics": 99,
    "mathematics_total_marks": 100,
    "computer_science": 0,
    "computer_science_total_marks": 0,
    "statistics": 0,
    "statistics_total_marks": 0,
    "electronics": 0,
    "electronics_total_marks": 0,
    "other": 0
  }
]
📡 Status Code: 200
📥 Response JSON:
{
  "status": "success",
  "message": "Successfully saved the student qualification details.",
  "data": [
    {
      "id": "cece6a50-44a0-4a38-9c71-ad84a748840c",
      "created_at": "0001-01-01T00:00:00Z",
      "updated_at": "0001-01-01T00:00:00Z",
      "tenant_id": "",
      "created_by": "",
      "student_id": "5d858032-7035-4e45-9f74-8af14128b4e5",
      "institute_id": "9ec42e45-7385-4d90-b4c9-c47a18ba7156",
      "educational_medium_id": "37957387-95dc-4416-bdf0-0bb9b5084da1",
      "passing_month": "January",
      "passing_year": 2025,
      "registration_number": "1111111",
      "obtained_marks": 99,
      "sslc_mathematics": 0,
      "sslc_science": 0,
      "exam_state_id": "42c42d82-1a6a-4c30-bca3-d136abd592b2",
      "physics": 99,
      "chemistry": 80,
      "mathematics": 99,
      "biology": 99,
      "computer_science": 0,
      "electronics": 0,
      "statistics": 0,
      "physics_total_marks": 100,
      "chemistry_total_marks": 100,
      "mathematics_total_marks": 100,
      "biology_total_marks": 100,
      "computer_science_total_marks": 0,
      "electronics_total_marks": 0,
      "statistics_total_marks": 0,
      "other_total_marks": 0,
      "other": 0,
      "total_gpa": 0,
      "scored_gpa": 0,
      "is_grade": false,
      "no_of_subjects": 0,
      "examination_board_id": "0ac9690e-f05d-461b-9e88-a806230cec66",
      "qualification_branch_id": null,
      "sem1_max_marks": 0,
      "sem1_obtained_marks": 0,
      "sem2_max_marks": 0,
      "sem2_obtained_marks": 0,
      "sem3_max_marks": 0,
      "sem3_obtained_marks": 0,
      "sem4_max_marks": 0,
      "sem4_obtained_marks": 0,
      "sem5_max_marks": 0,
      "sem5_obtained_marks": 0,
      "sem6_max_marks": 0,
      "sem6_obtained_marks": 0,
      "sem7_max_marks": 0,
      "sem7_obtained_marks": 0,
      "sem8_max_marks": 0,
      "sem8_obtained_marks": 0,
      "cgpa": "",
      "educational_level": "PUC"
    }
  ],
  "error": null
}
✅ Qualification details updated successfully.
